warning: profiles for the non root package will be ignored, specify profiles at the workspace root:
package:   /home/gcorbaz/synology/devel/naic/frontend/Cargo.toml
workspace: /home/gcorbaz/synology/devel/naic/Cargo.toml
   Compiling sea-orm-cli v1.1.19
   Compiling sea-schema v0.16.2
   Compiling sea-orm-migration v1.1.19
   Compiling loco-rs v0.16.4
   Compiling migration v0.1.0 (/home/gcorbaz/synology/devel/naic/backend/migration)
   Compiling backend v0.1.0 (/home/gcorbaz/synology/devel/naic/backend)
    Finished `test` profile [unoptimized + debuginfo] target(s) in 15.01s
     Running unittests src/lib.rs (/home/gcorbaz/synology/devel/naic/target/debug/deps/backend-24ccbc4f3331d66b)

running 0 tests

test result: ok. 0 passed; 0 failed; 0 ignored; 0 measured; 1 filtered out; finished in 0.00s

     Running unittests src/bin/main.rs (/home/gcorbaz/synology/devel/naic/target/debug/deps/backend_cli-bdca0914f7d30eb2)

running 0 tests

test result: ok. 0 passed; 0 failed; 0 ignored; 0 measured; 0 filtered out; finished in 0.00s

     Running tests/mod.rs (/home/gcorbaz/synology/devel/naic/target/debug/deps/mod-f27b90b2053865b7)

running 1 test
STATUS: 200 OK
BODY: {"status":"ok"}
test requests::system::can_get_system_health ... ok

test result: ok. 1 passed; 0 failed; 0 ignored; 0 measured; 34 filtered out; finished in 40.18s

